{"results": [{"check_id": "testlint.python.eqeq-is-bad", "path": "/home/opam/project/tests/lint/stupid.py", "start": {"line": 3, "col": 12}, "end": {"line": 3, "col": 26}, "extra": {"message": "useless comparison operation `a+b == a+b` or `a+b != a+b`; possible bug?", "metavars": {"$X": {"start": {"line": 3, "col": 12}, "end": {"line": 3, "col": 17}, "abstract_content": "a+b"}}}}]}
