{"results": [{"check_id": "tests.equivalence-tests.open-redirect", "path": "tests/equivalence-tests/open-redirect.py", "start": {"line": 9, "col": 12}, "end": {"line": 9, "col": 44}, "extra": {"message": "", "metavars": {"$W": {"start": {"line": 9, "col": 29, "offset": 238}, "end": {"line": 9, "col": 33, "offset": 242}, "abstract_content": "POST", "unique_id": {"type": "AST", "md5sum": "0b6f1e885121679c4a86efeefa4d697a"}}}, "metadata": {}, "severity": "WARNING"}}, {"check_id": "tests.equivalence-tests.open-redirect", "path": "tests/equivalence-tests/open-redirect.py", "start": {"line": 14, "col": 12}, "end": {"line": 14, "col": 37}, "extra": {"message": "", "metavars": {"$W": {"start": {"line": 14, "col": 29, "offset": 333}, "end": {"line": 14, "col": 37, "offset": 341}, "abstract_content": "get_host", "unique_id": {"type": "AST", "md5sum": "9b9b82131c0743f758fe82eef8b2dd84"}}}, "metadata": {}, "severity": "WARNING"}}], "errors": []}