No config given. If you want to see some examples, try running with --config r2c
